[colab] Parsing notebook '/home/kurt/colab-runs/kokoro-tts-pipeline-4720e3d-a01a6f/kokoro_tts_colab_4720e3d_colab-cli-t4.ipynb'...
[colab] Executing cell 1/10 - Infrastructure: install the locked runtime into an isolated environment...
{'isolated_environment': '/content/dimer_isolated_env', 'isolated_python': '3.12.12', 'kernel_python': '3.13.15', 'locked_packages': 112, 'setup_seconds': 61}
[colab] Executing cell 2/10 - Infrastructure: route the remaining cells to the isolated environment...
Every later code cell now runs in /content/dimer_isolated_env/bin/python (pid 1416).
[colab] Executing cell 3/10 - kokoro_tts-07...
/content/dimer_isolated_env/lib/python3.12/site-packages/num2words/lang_PT_BR.py:142: SyntaxWarning: invalid escape sequence '\w'
  if re.match('.*{} e \w*ento'.format(ext), result):
/content/dimer_isolated_env/lib/python3.12/site-packages/num2words/lang_PT_BR.py:170: SyntaxWarning: invalid escape sequence '\s'
  result = re.sub('\s+', ' ', result)
{'notebook_source': {'repository': 'kokoro-tts-pipeline', 'repository_revision': 'a045e03bfa4b6ff08634f99e52747976bfc23d0f', 'embedded_module': 'src/kokoro_tts_pipeline/pipeline.py', 'embedded_modules': ['src/kokoro_tts_pipeline/pipeline.py'], 'module_sha256': '0848237fe676e097e76792bcc0f71a78e3351828934b173df00a338e51a2d65d', 'generator': 'build_notebook.py/2.1', 'notebook_spec': '2.2'}, 'python': '3.12.12', 'torch': '2.14.0+cu130', 'kokoro': '0.9.4', 'misaki': '0.9.4', 'soundfile': '0.14.0', 'cuda': True}
[colab] Executing cell 4/10 - kokoro_tts-09...
[colab] Executing cell 5/10 - kokoro_tts-11...
{'model_id': 'hexgrad/Kokoro-82M', 'revision': 'f3ff3571791e39611d31c381e3a41a3af07b4987', 'license': 'apache-2.0', 'files': 58, 'total_bytes': 355493259}
{'weights_dir': '/content/weights/kokoro-82m', 'fetched': ['README.md', 'VOICES.md', 'config.json', 'kokoro-v1_0.pth', 'voices/af_alloy.pt', 'voices/af_aoede.pt', 'voices/af_bella.pt', 'voices/af_heart.pt', 'voices/af_jessica.pt', 'voices/af_kore.pt', 'voices/af_nicole.pt', 'voices/af_nova.pt', 'voices/af_river.pt', 'voices/af_sarah.pt', 'voices/af_sky.pt', 'voices/am_adam.pt', 'voices/am_echo.pt', 'voices/am_eric.pt', 'voices/am_fenrir.pt', 'voices/am_liam.pt', 'voices/am_michael.pt', 'voices/am_onyx.pt', 'voices/am_puck.pt', 'voices/am_santa.pt', 'voices/bf_alice.pt', 'voices/bf_emma.pt', 'voices/bf_isabella.pt', 'voices/bf_lily.pt', 'voices/bm_daniel.pt', 'voices/bm_fable.pt', 'voices/bm_george.pt', 'voices/bm_lewis.pt', 'voices/ef_dora.pt', 'voices/em_alex.pt', 'voices/em_santa.pt', 'voices/ff_siwis.pt', 'voices/hf_alpha.pt', 'voices/hf_beta.pt', 'voices/hm_omega.pt', 'voices/hm_psi.pt', 'voices/if_sara.pt', 'voices/im_nicola.pt', 'voices/jf_alpha.pt', 'voices/jf_gongitsune.pt', 'voices/jf_nezumi.pt', 'voices/jf_tebukuro.pt', 'voices/jm_kumo.pt', 'voices/pf_dora.pt', 'voices/pm_alex.pt', 'voices/pm_santa.pt', 'voices/zf_xiaobei.pt', 'voices/zf_xiaoni.pt', 'voices/zf_xiaoxiao.pt', 'voices/zf_xiaoyi.pt', 'voices/zm_yunjian.pt', 'voices/zm_yunxi.pt', 'voices/zm_yunxia.pt', 'voices/zm_yunyang.pt']}
{'verified_files': 58, 'revision': 'f3ff3571791e39611d31c381e3a41a3af07b4987'}
/content/dimer_isolated_env/lib/python3.12/site-packages/torch/nn/modules/rnn.py:1011: UserWarning: dropout option adds dropout after all but last recurrent layer, so non-zero dropout expects num_layers greater than 1, but got dropout=0.2 and num_layers=1
  super().__init__("LSTM", *args, **kwargs)
/content/dimer_isolated_env/lib/python3.12/site-packages/torch/nn/utils/weight_norm.py:145: FutureWarning: `torch.nn.utils.weight_norm` is deprecated in favor of `torch.nn.utils.parametrizations.weight_norm`.
  WeightNorm.apply(module, name, dim)
/content/dimer_isolated_env/lib/python3.12/site-packages/torch/jit/_script.py:1491: FutureWarning: `torch.jit.script` is deprecated. Please switch to `torch.compile` or `torch.export`.
  warnings.warn(
{'device': 'cuda:0', 'source': 'local-snapshot'}
[colab] Executing cell 6/10 - kokoro_tts-13...
{'sample': 'synthetic_pangram', 'sample_kind': 'synthetic (authored in this cell; the model card smoke sentence)', 'chars': 44, 'lines': 1, 'text_sha256': 'ef537f25c895bfa782526529a9b63d97aa631564d5d789c2b765448c8635fb6c', 'voice': 'af_heart', 'speed': 1.0, 'seed': 0}
The quick brown fox jumps over the lazy dog.
[colab] Executing cell 7/10 - kokoro_tts-15...
{'MAX_TEXT_CHARS': 2000, 'MIN_SPEED': 0.5, 'MAX_SPEED': 2.0, 'SAMPLE_RATE': 24000, 'LANG_CODES': ('a', 'b', 'e', 'f', 'h', 'i', 'j', 'p', 'z'), 'DEFAULT_LANG_CODE': 'a', 'DEFAULT_VOICE': 'af_heart'}
{
  "schema": {
    "input": "one non-empty str, spoken verbatim; newline-split into segments by the library",
    "text_chars": [
      1,
      2000
    ],
    "speed": [
      0.5,
      2.0
    ],
    "voice": "one of the manifest voices/*.pt packs whose first letter equals the instance lang_code (a by default)",
    "lang_codes": [
      "a",
      "b",
      "e",
      "f",
      "h",
      "i",
      "j",
      "p",
      "z"
    ],
    "sample_rate_hz": 24000,
    "preprocessing": "grapheme-to-phoneme through misaki (espeak-ng fallback for out-of-dictionary words when it binds on the host), a 128-d style vector read from the voice pack by phoneme count; inside the library a line above 510 phonemes is split into several chunks and a line that phonemises to nothing is skipped"
  },
  "inputs": [
    {
      "id": "synthetic_pangram",
      "chars": 44,
      "segments": 1
    }
  ],
  "voice": "af_heart",
  "speed": 1.0,
  "lang_code": "a",
  "voice_inventory": 54,
  "verdict": "accepted",
  "findings": [
    {
      "input": "wrong-language-voice-probe",
      "verdict": "rejected",
      "message": "voice 'bf_emma' is not a lang_code='a' voice"
    }
  ],
  "model_id": "hexgrad/Kokoro-82M",
  "model_revision": "f3ff3571791e39611d31c381e3a41a3af07b4987"
}
[colab] Executing cell 8/10 - kokoro_tts-17...
{'sample_rate': 24000, 'num_samples': 78000, 'duration_s': 3.25, 'peak_amplitude': 0.33720338344573975, 'lines': 1, 'skipped_lines': [], 'voice': 'af_heart', 'lang_code': 'a', 'speed': 1.0, 'espeak_fallback': True, 'device': 'cuda:0', 'source': 'local-snapshot', 'model_id': 'hexgrad/Kokoro-82M', 'model_revision': 'f3ff3571791e39611d31c381e3a41a3af07b4987'}
{'seconds': 2.337, 'audio_seconds_per_wall_second': 1.39, 'rms': 0.0472, 'checks': {'audio_is_float32_1d': True, 'sample_rate_matches_contract': True, 'all_samples_finite': True, 'peak_within_full_scale': True, 'every_line_voiced_or_reported': True, 'duration_consistent': True}}
{'lines': 1, 'chunks': 1, 'chunks_per_line': {0: 1}}
chunk 0 (line 0): graphemes='The quick brown fox jumps over the lazy dog.'
chunk 0 (line 0): phonemes ='ðə kwˈɪk bɹˈWn fˈɑks ʤˈʌmps ˈOvəɹ ðə lˈAzi dˈɔɡ.'
{'wav': 'outputs/kokoro_tts_sample.wav', 'wav_sha256': 'daf4a8cf38a11e3c19fc316ac3ff5a9b5524e8ef33d18846c5d1fcc41f67fc55', 'subtype': 'PCM_16'}
[colab] Executing cell 9/10 - kokoro_tts-19...
{
  "task": "text-to-speech synthesis (24000 Hz mono float32, named synthetic voice pack)",
  "score_semantics": "the output is a waveform, not a prediction: duration, peak amplitude and the phoneme string are run-level facts, not quality scores, and none of them bounds naturalness or intelligibility",
  "sample_kind": "synthetic (authored in this cell; the model card smoke sentence)",
  "n_segments": 1,
  "duration_s": 3.25,
  "metrics": [],
  "baselines": [],
  "verdict": "not-measurable",
  "reason": "speech quality has no ground truth in this repository and no metric helper is shipped; the evaluated sample has no reference recording",
  "needs": "an external judge: Mean Opinion Score ratings from human listeners for naturalness, or an independent speech recogniser to re-transcribe the waveform and compute word error rate against the input text for intelligibility — over a reference sentence set, with the judge named",
  "model_id": "hexgrad/Kokoro-82M",
  "model_revision": "f3ff3571791e39611d31c381e3a41a3af07b4987"
}
No metric is reported: speech has no intrinsic ground truth, the sample has no reference recording, and the repository ships no metric helper; MOS needs human listeners and intelligibility needs an external ASR judge.
[colab] Executing cell 10/10 - kokoro_tts-21...
['kokoro_tts_evaluation_report.json', 'kokoro_tts_input_manifest.json', 'kokoro_tts_result.json', 'kokoro_tts_sample.wav']
[colab] Saving notebook with outputs to '/home/kurt/colab-runs/kokoro-tts-pipeline-4720e3d-a01a6f/kokoro_tts_colab_4720e3d_colab-cli-t4_output.ipynb'...
