CELL_START 3
{'notebook_source': {'repository': 'kokoro-tts-pipeline', 'repository_revision': '8e72764628b91a6c2bd5f25d437b0755ac7cbf38', 'embedded_module': 'src/kokoro_tts_pipeline/pipeline.py', 'embedded_modules': ['src/kokoro_tts_pipeline/pipeline.py'], 'module_sha256': '0937f46da552d60f12443ecd174b51bc5b7186f18b8b1e373278553cdbd6a68c', 'generator': 'build_notebook.py/2', 'notebook_spec': '1.1'}, 'python': '3.12.3', 'torch': '2.14.0+cu130', 'kokoro': '0.9.4', 'misaki': '0.9.4', 'soundfile': '0.14.0', 'cuda': True}
CELL_FINISH 3 seconds=152.796 error=False
CELL_START 5
CELL_FINISH 5 seconds=0.007 error=False
CELL_START 7
{'model_id': 'hexgrad/Kokoro-82M', 'revision': 'f3ff3571791e39611d31c381e3a41a3af07b4987', 'license': 'apache-2.0', 'files': 58, 'total_bytes': 355493259}
{'weights_dir': '/content/dimer-clean-gpu-tests/kokoro-tts-pipeline/weights/kokoro-82m', 'fetched': ['README.md', 'VOICES.md', 'config.json', 'kokoro-v1_0.pth', 'voices/af_alloy.pt', 'voices/af_aoede.pt', 'voices/af_bella.pt', 'voices/af_heart.pt', 'voices/af_jessica.pt', 'voices/af_kore.pt', 'voices/af_nicole.pt', 'voices/af_nova.pt', 'voices/af_river.pt', 'voices/af_sarah.pt', 'voices/af_sky.pt', 'voices/am_adam.pt', 'voices/am_echo.pt', 'voices/am_eric.pt', 'voices/am_fenrir.pt', 'voices/am_liam.pt', 'voices/am_michael.pt', 'voices/am_onyx.pt', 'voices/am_puck.pt', 'voices/am_santa.pt', 'voices/bf_alice.pt', 'voices/bf_emma.pt', 'voices/bf_isabella.pt', 'voices/bf_lily.pt', 'voices/bm_daniel.pt', 'voices/bm_fable.pt', 'voices/bm_george.pt', 'voices/bm_lewis.pt', 'voices/ef_dora.pt', 'voices/em_alex.pt', 'voices/em_santa.pt', 'voices/ff_siwis.pt', 'voices/hf_alpha.pt', 'voices/hf_beta.pt', 'voices/hm_omega.pt', 'voices/hm_psi.pt', 'voices/if_sara.pt', 'voices/im_nicola.pt', 'voices/jf_alpha.pt', 'voices/jf_gongitsune.pt', 'voices/jf_nezumi.pt', 'voices/jf_tebukuro.pt', 'voices/jm_kumo.pt', 'voices/pf_dora.pt', 'voices/pm_alex.pt', 'voices/pm_santa.pt', 'voices/zf_xiaobei.pt', 'voices/zf_xiaoni.pt', 'voices/zf_xiaoxiao.pt', 'voices/zf_xiaoyi.pt', 'voices/zm_yunjian.pt', 'voices/zm_yunxi.pt', 'voices/zm_yunxia.pt', 'voices/zm_yunyang.pt']}
{'verified_files': 58, 'revision': 'f3ff3571791e39611d31c381e3a41a3af07b4987'}
/content/dimer-clean-gpu-tests/kokoro-tts-pipeline/venv/lib/python3.12/site-packages/torch/nn/modules/rnn.py:1011: UserWarning: dropout option adds dropout after all but last recurrent layer, so non-zero dropout expects num_layers greater than 1, but got dropout=0.2 and num_layers=1
  super().__init__("LSTM", *args, **kwargs)
/content/dimer-clean-gpu-tests/kokoro-tts-pipeline/venv/lib/python3.12/site-packages/torch/nn/utils/weight_norm.py:145: FutureWarning: `torch.nn.utils.weight_norm` is deprecated in favor of `torch.nn.utils.parametrizations.weight_norm`.
  WeightNorm.apply(module, name, dim)
Collecting en-core-web-sm==3.8.0
  Downloading en_core_web_sm-3.8.0-py3-none-any.whl (12.8 MB)
     ━━━━━━━━━━━━━━━━━━━━━━━━━━━━━━━━━━━━━━━━ 12.8/12.8 MB 35.5 MB/s  0:00:00
Installing collected packages: en-core-web-sm
Successfully installed en-core-web-sm-3.8.0
[38;5;2m[+] Download and installation successful[0m
You can now load the package via spacy.load('en_core_web_sm')
/content/dimer-clean-gpu-tests/kokoro-tts-pipeline/venv/lib/python3.12/site-packages/torch/jit/_script.py:1491: FutureWarning: `torch.jit.script` is deprecated. Please switch to `torch.compile` or `torch.export`.
  warnings.warn(
{'device': 'cuda:0', 'source': 'local-snapshot'}
CELL_FINISH 7 seconds=28.993 error=False
CELL_START 9
{'sample': 'synthetic_pangram', 'sample_kind': 'synthetic (authored in this cell; the model card smoke sentence)', 'chars': 44, 'lines': 1, 'text_sha256': 'ef537f25c895bfa782526529a9b63d97aa631564d5d789c2b765448c8635fb6c', 'voice': 'af_heart', 'speed': 1.0, 'seed': 0}
The quick brown fox jumps over the lazy dog.
CELL_FINISH 9 seconds=0.001 error=False
CELL_START 11
{'MAX_TEXT_CHARS': 2000, 'MIN_SPEED': 0.5, 'MAX_SPEED': 2.0, 'SAMPLE_RATE': 24000, 'LANG_CODES': ('a', 'b', 'e', 'f', 'h', 'i', 'j', 'p', 'z'), 'DEFAULT_LANG_CODE': 'a', 'DEFAULT_VOICE': 'af_heart'}
{
  "schema": {
    "input": "one non-empty str, spoken verbatim; newline-split into segments by the library",
    "text_chars": [
      1,
      2000
    ],
    "speed": [
      0.5,
      2.0
    ],
    "voice": "one of the manifest voices/*.pt packs whose first letter equals the instance lang_code (a by default)",
    "lang_codes": [
      "a",
      "b",
      "e",
      "f",
      "h",
      "i",
      "j",
      "p",
      "z"
    ],
    "sample_rate_hz": 24000,
    "preprocessing": "grapheme-to-phoneme through misaki (espeak-ng fallback for out-of-dictionary words when it binds on the host), a 128-d style vector read from the voice pack by phoneme count, and a 510-phoneme cap per segment applied inside the library"
  },
  "inputs": [
    {
      "id": "synthetic_pangram",
      "chars": 44,
      "segments": 1
    }
  ],
  "voice": "af_heart",
  "speed": 1.0,
  "lang_code": "a",
  "voice_inventory": 54,
  "verdict": "accepted",
  "findings": [
    {
      "input": "wrong-language-voice-probe",
      "verdict": "rejected",
      "message": "voice 'bf_emma' is not a lang_code='a' voice"
    }
  ],
  "model_id": "hexgrad/Kokoro-82M",
  "model_revision": "f3ff3571791e39611d31c381e3a41a3af07b4987"
}
CELL_FINISH 11 seconds=0.001 error=False
CELL_START 13
{'sample_rate': 24000, 'num_samples': 78000, 'duration_s': 3.25, 'peak_amplitude': 0.33720338344573975, 'voice': 'af_heart', 'lang_code': 'a', 'speed': 1.0, 'espeak_fallback': True, 'device': 'cuda:0', 'source': 'local-snapshot', 'model_id': 'hexgrad/Kokoro-82M', 'model_revision': 'f3ff3571791e39611d31c381e3a41a3af07b4987'}
{'seconds': 2.667, 'audio_seconds_per_wall_second': 1.22, 'rms': 0.0472, 'checks': {'audio_is_float32_1d': True, 'sample_rate_matches_contract': True, 'all_samples_finite': True, 'peak_within_full_scale': True, 'one_segment_per_line': True, 'duration_consistent': True}}
segment 0: graphemes='The quick brown fox jumps over the lazy dog.'
segment 0: phonemes ='ðə kwˈɪk bɹˈWn fˈɑks ʤˈʌmps ˈOvəɹ ðə lˈAzi dˈɔɡ.'
{'wav': 'outputs/kokoro_tts_sample.wav', 'wav_sha256': 'daf4a8cf38a11e3c19fc316ac3ff5a9b5524e8ef33d18846c5d1fcc41f67fc55', 'subtype': 'PCM_16'}
inline player unavailable outside an IPython front end; open the WAV file instead
CELL_FINISH 13 seconds=2.714 error=False
CELL_START 15
{
  "task": "text-to-speech synthesis (24000 Hz mono float32, named synthetic voice pack)",
  "score_semantics": "the output is a waveform, not a prediction: duration, peak amplitude and the phoneme string are run-level facts, not quality scores, and none of them bounds naturalness or intelligibility",
  "sample_kind": "synthetic (authored in this cell; the model card smoke sentence)",
  "n_segments": 1,
  "duration_s": 3.25,
  "metrics": [],
  "baselines": [],
  "verdict": "not-measurable",
  "reason": "speech quality has no ground truth in this repository and no metric helper is shipped; the evaluated sample has no reference recording",
  "needs": "an external judge: Mean Opinion Score ratings from human listeners for naturalness, or an independent speech recogniser to re-transcribe the waveform and compute word error rate against the input text for intelligibility — over a reference sentence set, with the judge named",
  "model_id": "hexgrad/Kokoro-82M",
  "model_revision": "f3ff3571791e39611d31c381e3a41a3af07b4987"
}
No metric is reported: speech has no intrinsic ground truth, the sample has no reference recording, and the repository ships no metric helper; MOS needs human listeners and intelligibility needs an external ASR judge.
CELL_FINISH 15 seconds=0.001 error=False
CELL_START 17
['kokoro_tts_evaluation_report.json', 'kokoro_tts_input_manifest.json', 'kokoro_tts_result.json', 'kokoro_tts_sample.wav']
CELL_FINISH 17 seconds=0.005 error=False
CLEAN_EXECUTION_RESULT passed
